Release 14.7 - xst P.20131013 (nt)
Copyright (c) 1995-2013 Xilinx, Inc.  All rights reserved.
--> Parameter TMPDIR set to xst/projnav.tmp


Total REAL time to Xst completion: 0.00 secs
Total CPU time to Xst completion: 0.16 secs
 
--> Parameter xsthdpdir set to xst


Total REAL time to Xst completion: 0.00 secs
Total CPU time to Xst completion: 0.16 secs
 
--> Reading design: Main.prj

TABLE OF CONTENTS
  1) Synthesis Options Summary
  2) HDL Compilation
  3) Design Hierarchy Analysis
  4) HDL Analysis
  5) HDL Synthesis
     5.1) HDL Synthesis Report
  6) Advanced HDL Synthesis
     6.1) Advanced HDL Synthesis Report
  7) Low Level Synthesis
  8) Partition Report
  9) Final Report
	9.1) Device utilization summary
	9.2) Partition Resource Summary
	9.3) TIMING REPORT


=========================================================================
*                      Synthesis Options Summary                        *
=========================================================================
---- Source Parameters
Input File Name                    : "Main.prj"
Input Format                       : mixed
Ignore Synthesis Constraint File   : NO

---- Target Parameters
Output File Name                   : "Main"
Output Format                      : NGC
Target Device                      : xc3s500e-4-fg320

---- Source Options
Top Module Name                    : Main
Automatic FSM Extraction           : YES
FSM Encoding Algorithm             : Auto
Safe Implementation                : No
FSM Style                          : LUT
RAM Extraction                     : Yes
RAM Style                          : Auto
ROM Extraction                     : Yes
Mux Style                          : Auto
Decoder Extraction                 : YES
Priority Encoder Extraction        : Yes
Shift Register Extraction          : YES
Logical Shifter Extraction         : YES
XOR Collapsing                     : YES
ROM Style                          : Auto
Mux Extraction                     : Yes
Resource Sharing                   : YES
Asynchronous To Synchronous        : NO
Multiplier Style                   : Auto
Automatic Register Balancing       : No

---- Target Options
Add IO Buffers                     : YES
Global Maximum Fanout              : 100000
Add Generic Clock Buffer(BUFG)     : 24
Register Duplication               : YES
Slice Packing                      : YES
Optimize Instantiated Primitives   : NO
Use Clock Enable                   : Yes
Use Synchronous Set                : Yes
Use Synchronous Reset              : Yes
Pack IO Registers into IOBs        : Auto
Equivalent register Removal        : YES

---- General Options
Optimization Goal                  : Speed
Optimization Effort                : 1
Keep Hierarchy                     : No
Netlist Hierarchy                  : As_Optimized
RTL Output                         : Yes
Global Optimization                : AllClockNets
Read Cores                         : YES
Write Timing Constraints           : NO
Cross Clock Analysis               : NO
Hierarchy Separator                : /
Bus Delimiter                      : <>
Case Specifier                     : Maintain
Slice Utilization Ratio            : 100
BRAM Utilization Ratio             : 100
Verilog 2001                       : YES
Auto BRAM Packing                  : NO
Slice Utilization Ratio Delta      : 5

=========================================================================


=========================================================================
*                          HDL Compilation                              *
=========================================================================
Compiling vhdl file "D:/UCiSW2/VGAtxt/MENU.vhd" in Library work.
Entity <menu> compiled.
Entity <menu> (Architecture <behavioral>) compiled.
Compiling vhdl file "D:/UCiSW2/VGAtxt/PS2_to_STER.vhd" in Library work.
Architecture behavioral of Entity ps2_to_ster is up to date.
Compiling vhdl file "D:/UCiSW2/VGAtxt/Main.vhf" in Library work.
Entity <main> compiled.
Entity <main> (Architecture <behavioral>) compiled.

=========================================================================
*                     Design Hierarchy Analysis                         *
=========================================================================
Analyzing hierarchy for entity <Main> in library <work> (architecture <behavioral>).

Analyzing hierarchy for entity <MENU> in library <work> (architecture <behavioral>).

Analyzing hierarchy for entity <PS2_to_STER> in library <work> (architecture <behavioral>).


=========================================================================
*                            HDL Analysis                               *
=========================================================================
Analyzing Entity <Main> in library <work> (Architecture <behavioral>).
WARNING:Xst:2211 - "D:/UCiSW2/VGAtxt/Main.vhf" line 134: Instantiating black box module <VGAtxt48x20>.
WARNING:Xst:753 - "D:/UCiSW2/VGAtxt/Main.vhf" line 165: Unconnected output port 'Play' of component 'MENU'.
WARNING:Xst:753 - "D:/UCiSW2/VGAtxt/Main.vhf" line 165: Unconnected output port 'Pouse' of component 'MENU'.
WARNING:Xst:753 - "D:/UCiSW2/VGAtxt/Main.vhf" line 165: Unconnected output port 'P1_RGB' of component 'MENU'.
WARNING:Xst:753 - "D:/UCiSW2/VGAtxt/Main.vhf" line 165: Unconnected output port 'P2_RGB' of component 'MENU'.
WARNING:Xst:753 - "D:/UCiSW2/VGAtxt/Main.vhf" line 181: Unconnected output port 'P2' of component 'PS2_to_STER'.
WARNING:Xst:2211 - "D:/UCiSW2/VGAtxt/Main.vhf" line 193: Instantiating black box module <PS2_Kbd>.
Entity <Main> analyzed. Unit <Main> generated.

Analyzing Entity <MENU> in library <work> (Architecture <behavioral>).
Entity <MENU> analyzed. Unit <MENU> generated.

Analyzing Entity <PS2_to_STER> in library <work> (Architecture <behavioral>).
Entity <PS2_to_STER> analyzed. Unit <PS2_to_STER> generated.


=========================================================================
*                           HDL Synthesis                               *
=========================================================================

Performing bidirectional port resolution...

Synthesizing Unit <MENU>.
    Related source file is "D:/UCiSW2/VGAtxt/MENU.vhd".
INFO:Xst:1799 - State q666 is never reached in FSM <CurrentCounterState>.
    Found finite state machine <FSM_0> for signal <set>.
    -----------------------------------------------------------------------
    | States             | 3                                              |
    | Transitions        | 41                                             |
    | Inputs             | 7                                              |
    | Outputs            | 11                                             |
    | Clock              | Clk                       (rising_edge)        |
    | Clock enable       | set$not0000               (positive)           |
    | Reset              | set$and0000               (positive)           |
    | Reset type         | asynchronous                                   |
    | Reset State        | 001                                            |
    | Encoding           | automatic                                      |
    | Implementation     | LUT                                            |
    -----------------------------------------------------------------------
    Found finite state machine <FSM_1> for signal <CurrentCounterState>.
    -----------------------------------------------------------------------
    | States             | 9                                              |
    | Transitions        | 57                                             |
    | Inputs             | 20                                             |
    | Outputs            | 9                                              |
    | Clock              | Clk                       (rising_edge)        |
    | Clock enable       | CurrentCounterState$and0000 (positive)         |
    | Reset              | set$and0000               (positive)           |
    | Reset type         | asynchronous                                   |
    | Reset State        | q0                                             |
    | Power Up State     | q0                                             |
    | Encoding           | automatic                                      |
    | Implementation     | LUT                                            |
    -----------------------------------------------------------------------
    Found 8-bit register for signal <Char_DI>.
    Found 1-bit register for signal <Char_WE>.
    Found 1-bit register for signal <Goto00>.
    Found 1-bit register for signal <NewLine>.
    Found 8-bit register for signal <Char>.
    Found 3-bit up counter for signal <Clk_Counter>.
    Found 6-bit comparator greater for signal <CurrentCounterState$cmp_gt0000> created at line 276.
    Found 6-bit comparator greater for signal <CurrentCounterState$cmp_gt0001> created at line 302.
    Found 6-bit comparator less for signal <CurrentCounterState$cmp_lt0000> created at line 195.
    Found 6-bit comparator less for signal <CurrentCounterState$cmp_lt0001> created at line 252.
    Found 6-bit comparator less for signal <CurrentCounterState$cmp_lt0002> created at line 276.
    Found 1-bit register for signal <gramy>.
    Found 5-bit register for signal <index>.
    Found 5-bit adder for signal <index$share0000> created at line 185.
    Found 6-bit register for signal <indey>.
    Found 6-bit adder for signal <indey$share0000> created at line 185.
    Found 1-bit register for signal <men>.
    Found 3-bit comparator equal for signal <men$cmp_eq0000> created at line 117.
    Found 3-bit updown counter for signal <P1>.
    Found 3-bit comparator greatequal for signal <P1$cmp_ge0000> created at line 159.
    Found 3-bit comparator lessequal for signal <P1$cmp_le0000> created at line 161.
    Found 3-bit comparator less for signal <P1$cmp_lt0000> created at line 159.
    Found 3-bit updown counter for signal <P2>.
    Found 3-bit comparator greatequal for signal <P2$cmp_ge0000> created at line 169.
    Found 3-bit comparator lessequal for signal <P2$cmp_le0000> created at line 171.
    Found 3-bit comparator less for signal <P2$cmp_lt0000> created at line 169.
    Found 1-bit register for signal <pauza>.
    Found 1-bit register for signal <pom>.
    Found 3-bit comparator not equal for signal <set$cmp_ne0000> created at line 143.
    Found 1-bit xor2 for signal <set$xor0000> created at line 117.
    Found 3-bit register for signal <STER_IN>.
    Summary:
	inferred   2 Finite State Machine(s).
	inferred   3 Counter(s).
	inferred  21 D-type flip-flop(s).
	inferred   2 Adder/Subtractor(s).
	inferred  13 Comparator(s).
Unit <MENU> synthesized.


Synthesizing Unit <PS2_to_STER>.
    Related source file is "D:/UCiSW2/VGAtxt/PS2_to_STER.vhd".
    Found 1-bit register for signal <ENTER>.
    Found 3-bit register for signal <P1>.
    Found 3-bit register for signal <P2>.
    Found 1-bit register for signal <ESC>.
    Summary:
	inferred   8 D-type flip-flop(s).
Unit <PS2_to_STER> synthesized.


Synthesizing Unit <Main>.
    Related source file is "D:/UCiSW2/VGAtxt/Main.vhf".
Unit <Main> synthesized.

INFO:Xst:1767 - HDL ADVISOR - Resource sharing has identified that some arithmetic operations in this design can share the same physical resources for reduced device utilization. For improved clock frequency you may try to disable resource sharing.

=========================================================================
HDL Synthesis Report

Macro Statistics
# Adders/Subtractors                                   : 2
 5-bit adder                                           : 1
 6-bit adder                                           : 1
# Counters                                             : 3
 3-bit up counter                                      : 1
 3-bit updown counter                                  : 2
# Registers                                            : 16
 1-bit register                                        : 9
 3-bit register                                        : 3
 5-bit register                                        : 1
 6-bit register                                        : 1
 8-bit register                                        : 2
# Comparators                                          : 13
 3-bit comparator equal                                : 1
 3-bit comparator greatequal                           : 2
 3-bit comparator less                                 : 2
 3-bit comparator lessequal                            : 2
 3-bit comparator not equal                            : 1
 6-bit comparator greater                              : 2
 6-bit comparator less                                 : 3
# Xors                                                 : 1
 1-bit xor2                                            : 1

=========================================================================

=========================================================================
*                       Advanced HDL Synthesis                          *
=========================================================================

Analyzing FSM <FSM_1> for best encoding.
Optimizing FSM <XLXI_7/CurrentCounterState/FSM> on signal <CurrentCounterState[1:9]> with one-hot encoding.
--------------------
 State | Encoding
--------------------
 q0    | 000000001
 q1    | 000000010
 q2    | 100000000
 q3    | 000000100
 q5    | 000001000
 q7    | 000010000
 q8    | 000100000
 q10   | 001000000
 q12   | 010000000
 q666  | unreached
--------------------
Analyzing FSM <FSM_0> for best encoding.
Optimizing FSM <XLXI_7/set/FSM> on signal <set[1:2]> with sequential encoding.
-------------------
 State | Encoding
-------------------
 000   | 01
 001   | 00
 011   | 10
-------------------
Reading core <VGAtxt48x20.ngc>.
Reading core <PS2_Kbd.ngc>.
Loading core <VGAtxt48x20> for timing and area information for instance <XLXI_1>.
Loading core <PS2_Kbd> for timing and area information for instance <XLXI_10>.

=========================================================================
Advanced HDL Synthesis Report

Macro Statistics
# FSMs                                                 : 2
# Adders/Subtractors                                   : 2
 5-bit adder                                           : 1
 6-bit adder                                           : 1
# Counters                                             : 3
 3-bit up counter                                      : 1
 3-bit updown counter                                  : 2
# Registers                                            : 45
 Flip-Flops                                            : 45
# Comparators                                          : 13
 3-bit comparator equal                                : 1
 3-bit comparator greatequal                           : 2
 3-bit comparator less                                 : 2
 3-bit comparator lessequal                            : 2
 3-bit comparator not equal                            : 1
 6-bit comparator greater                              : 2
 6-bit comparator less                                 : 3
# Xors                                                 : 1
 1-bit xor2                                            : 1

=========================================================================

=========================================================================
*                         Low Level Synthesis                           *
=========================================================================
WARNING:Xst:1710 - FF/Latch <Char_7> (without init value) has a constant value of 0 in block <MENU>. This FF/Latch will be trimmed during the optimization process.
WARNING:Xst:1895 - Due to other FF/Latch trimming, FF/Latch <Char_DI_7> (without init value) has a constant value of 0 in block <MENU>. This FF/Latch will be trimmed during the optimization process.

Optimizing unit <Main> ...

Optimizing unit <PS2_to_STER> ...

Optimizing unit <MENU> ...
WARNING:Xst:2677 - Node <XLXI_9/ESC> of sequential type is unconnected in block <Main>.
WARNING:Xst:2677 - Node <XLXI_9/P2_2> of sequential type is unconnected in block <Main>.
WARNING:Xst:2677 - Node <XLXI_9/P2_1> of sequential type is unconnected in block <Main>.
WARNING:Xst:2677 - Node <XLXI_9/P2_0> of sequential type is unconnected in block <Main>.
WARNING:Xst:2677 - Node <XLXI_7/pauza> of sequential type is unconnected in block <Main>.

Mapping all equations...
Building and optimizing final netlist ...
Found area constraint ratio of 100 (+ 5) on block Main, actual ratio is 6.
FlipFlop XLXI_7/indey_0 has been replicated 1 time(s)
FlipFlop XLXI_7/indey_1 has been replicated 2 time(s)
FlipFlop XLXI_7/indey_2 has been replicated 2 time(s)
FlipFlop XLXI_7/indey_3 has been replicated 2 time(s)
FlipFlop XLXI_7/indey_4 has been replicated 1 time(s)
FlipFlop XLXI_7/indey_5 has been replicated 1 time(s)

Final Macro Processing ...

=========================================================================
Final Register Report

Macro Statistics
# Registers                                            : 67
 Flip-Flops                                            : 67

=========================================================================

=========================================================================
*                           Partition Report                            *
=========================================================================

Partition Implementation Status
-------------------------------

  No Partitions were found in this design.

-------------------------------

=========================================================================
*                            Final Report                               *
=========================================================================
Final Results
RTL Top Level Output File Name     : Main.ngr
Top Level Output File Name         : Main
Output Format                      : NGC
Optimization Goal                  : Speed
Keep Hierarchy                     : No

Design Statistics
# IOs                              : 9

Cell Usage :
# BELS                             : 690
#      AND2                        : 1
#      AND3                        : 4
#      AND3B1                      : 4
#      BUF                         : 3
#      GND                         : 3
#      INV                         : 16
#      LUT1                        : 50
#      LUT2                        : 56
#      LUT2_D                      : 6
#      LUT2_L                      : 5
#      LUT3                        : 59
#      LUT3_D                      : 17
#      LUT3_L                      : 7
#      LUT4                        : 232
#      LUT4_D                      : 26
#      LUT4_L                      : 32
#      MUXCY                       : 60
#      MUXF5                       : 33
#      MUXF5_L                     : 2
#      MUXF6                       : 6
#      OR2                         : 6
#      VCC                         : 2
#      XOR2                        : 1
#      XORCY                       : 59
# FlipFlops/Latches                : 202
#      FD                          : 46
#      FDC                         : 4
#      FDCE                        : 49
#      FDE                         : 31
#      FDPE                        : 12
#      FDR                         : 15
#      FDRE                        : 44
#      FDSE                        : 1
# RAMS                             : 2
#      RAMB16_S9                   : 1
#      RAMB16_S9_S9                : 1
# Shift Registers                  : 3
#      SRL16                       : 3
# Clock Buffers                    : 1
#      BUFGP                       : 1
# IO Buffers                       : 8
#      IBUF                        : 3
#      OBUF                        : 5
=========================================================================

Device utilization summary:
---------------------------

Selected Device : 3s500efg320-4 

 Number of Slices:                      281  out of   4656     6%  
 Number of Slice Flip Flops:            202  out of   9312     2%  
 Number of 4 input LUTs:                509  out of   9312     5%  
    Number used as logic:               506
    Number used as Shift registers:       3
 Number of IOs:                           9
 Number of bonded IOBs:                   9  out of    232     3%  
 Number of BRAMs:                         2  out of     20    10%  
 Number of GCLKs:                         1  out of     24     4%  

---------------------------
Partition Resource Summary:
---------------------------

  No Partitions were found in this design.

---------------------------


=========================================================================
TIMING REPORT

NOTE: THESE TIMING NUMBERS ARE ONLY A SYNTHESIS ESTIMATE.
      FOR ACCURATE TIMING INFORMATION PLEASE REFER TO THE TRACE REPORT
      GENERATED AFTER PLACE-and-ROUTE.

Clock Information:
------------------
-----------------------------------+------------------------+-------+
Clock Signal                       | Clock buffer(FF name)  | Load  |
-----------------------------------+------------------------+-------+
Clk_50MHz                          | BUFGP                  | 207   |
-----------------------------------+------------------------+-------+

Asynchronous Control Signals Information:
----------------------------------------
-----------------------------------------+------------------------+-------+
Control Signal                           | Buffer(FF name)        | Load  |
-----------------------------------------+------------------------+-------+
XLXI_7/set_and0000(XLXI_7/set_and00001:O)| NONE(XLXI_7/Char_0)    | 61    |
btn_west                                 | IBUF                   | 4     |
-----------------------------------------+------------------------+-------+

Timing Summary:
---------------
Speed Grade: -4

   Minimum period: 9.574ns (Maximum Frequency: 104.450MHz)
   Minimum input arrival time before clock: 6.500ns
   Maximum output required time after clock: 5.518ns
   Maximum combinational path delay: No path found

Timing Detail:
--------------
All values displayed in nanoseconds (ns)

=========================================================================
Timing constraint: Default period analysis for Clock 'Clk_50MHz'
  Clock period: 9.574ns (frequency: 104.450MHz)
  Total number of paths / destination ports: 6373 / 444
-------------------------------------------------------------------------
Delay:               9.574ns (Levels of Logic = 9)
  Source:            XLXI_1/XLXI_147/Mrom_DO_rom0000 (RAM)
  Destination:       XLXI_1/XLXI_115/XLXI_155/PixOut (FF)
  Source Clock:      Clk_50MHz rising
  Destination Clock: Clk_50MHz rising

  Data Path: XLXI_1/XLXI_147/Mrom_DO_rom0000 to XLXI_1/XLXI_115/XLXI_155/PixOut
                                Gate     Net
    Cell:in->out      fanout   Delay   Delay  Logical Name (Net Name)
    ----------------------------------------  ------------
     RAMB16_S9:CLK->DO6    1   2.800   0.420  XLXI_147/Mrom_DO_rom0000 (XLXN_899<6>)
     begin scope: 'XLXI_115/XLXI_1'
     begin scope: 'I_M01'
     AND3:I0->O            1   0.704   0.420  I_36_30 (M1)
     OR2:I0->O             1   0.704   0.000  I_36_38 (O)
     end scope: 'I_M01'
     MUXF5_L:I0->LO        1   0.321   0.000  I_M03 (M03)
     MUXF6:I0->O           1   0.521   0.420  I_O (O)
     end scope: 'XLXI_115/XLXI_1'
     XOR2:I0->O            1   0.704   0.420  XLXI_115/XLXI_141 (XLXI_115/XLXN_727)
     AND2:I1->O            1   0.704   0.424  XLXI_115/XLXI_154 (XLXI_115/XLXN_762)
     LUT4:I3->O            1   0.704   0.000  XLXI_115/XLXI_155/iPixOut103 (XLXI_115/XLXI_155/iPixOut)
     FD:D                      0.308          XLXI_115/XLXI_155/PixOut
    ----------------------------------------
    Total                      9.574ns (7.470ns logic, 2.104ns route)
                                       (78.0% logic, 22.0% route)

=========================================================================
Timing constraint: Default OFFSET IN BEFORE for Clock 'Clk_50MHz'
  Total number of paths / destination ports: 55 / 53
-------------------------------------------------------------------------
Offset:              6.500ns (Levels of Logic = 4)
  Source:            btn_west (PAD)
  Destination:       XLXI_7/NewLine (FF)
  Destination Clock: Clk_50MHz rising

  Data Path: btn_west to XLXI_7/NewLine
                                Gate     Net
    Cell:in->out      fanout   Delay   Delay  Logical Name (Net Name)
    ----------------------------------------  ------------
     IBUF:I->O             7   1.218   0.708  btn_west_IBUF (btn_west_IBUF)
     OR2:I1->O             5   0.704   0.712  XLXI_12 (XLXN_16)
     LUT4:I1->O           46   0.704   1.442  XLXI_7/CurrentCounterState_and00001 (XLXI_7/CurrentCounterState_and0000)
     LUT2:I0->O            1   0.704   0.000  XLXI_7/NewLine_mux00021 (XLXI_7/NewLine_mux0002)
     FDE:D                     0.308          XLXI_7/NewLine
    ----------------------------------------
    Total                      6.500ns (3.638ns logic, 2.862ns route)
                                       (56.0% logic, 44.0% route)

=========================================================================
Timing constraint: Default OFFSET OUT AFTER for Clock 'Clk_50MHz'
  Total number of paths / destination ports: 5 / 5
-------------------------------------------------------------------------
Offset:              5.518ns (Levels of Logic = 3)
  Source:            XLXI_1/XLXI_115/XLXI_155/PixOut (FF)
  Destination:       VGA_B (PAD)
  Source Clock:      Clk_50MHz rising

  Data Path: XLXI_1/XLXI_115/XLXI_155/PixOut to VGA_B
                                Gate     Net
    Cell:in->out      fanout   Delay   Delay  Logical Name (Net Name)
    ----------------------------------------  ------------
     FD:C->Q               3   0.591   0.531  XLXI_115/XLXI_155/PixOut (VGA_RGB)
     end scope: 'XLXI_1'
     BUF:I->O              1   0.704   0.420  XLXI_3 (VGA_R_OBUF)
     OBUF:I->O                 3.272          VGA_R_OBUF (VGA_R)
    ----------------------------------------
    Total                      5.518ns (4.567ns logic, 0.951ns route)
                                       (82.8% logic, 17.2% route)

=========================================================================


Total REAL time to Xst completion: 10.00 secs
Total CPU time to Xst completion: 9.55 secs
 
--> 

Total memory usage is 222188 kilobytes

Number of errors   :    0 (   0 filtered)
Number of warnings :   14 (   0 filtered)
Number of infos    :    2 (   0 filtered)

